../Core/Src/main.c:84:5:main	16	static
../Core/Src/main.c:205:6:SystemClock_Config	88	static
../Core/Src/main.c:251:13:MX_ADC1_Init	24	static
../Core/Src/main.c:298:13:MX_I2C1_Init	8	static
../Core/Src/main.c:332:13:MX_USART2_UART_Init	8	static
../Core/Src/main.c:363:13:MX_DMA_Init	16	static
../Core/Src/main.c:381:13:MX_GPIO_Init	40	static
../Core/Src/main.c:419:6:HAL_ADC_ConvHalfCpltCallback	32	static
../Core/Src/main.c:436:6:HAL_ADC_ConvCpltCallback	32	static
../Core/Src/main.c:448:6:Error_Handler	4	static,ignoring_inline_asm
